

================================================================
== Vitis HLS Report for 'crypto_aead_encrypt_1'
================================================================
* Date:           Tue Apr  5 16:05:01 2022

* Version:        2021.2 (Build 3367213 on Tue Oct 19 02:48:09 MDT 2021)
* Project:        PII-2022-Grazzani-Rogora-Zaffiretti
* Solution:       solution1 (Vivado IP Flow Target)
* Product family: kintex7
* Target device:  xc7k160t-fbv484-2


================================================================
== Performance Estimates
================================================================
+ Timing: 
    * Summary: 
    +--------+----------+----------+------------+
    |  Clock |  Target  | Estimated| Uncertainty|
    +--------+----------+----------+------------+
    |ap_clk  |  10.00 ns|  8.502 ns|     2.70 ns|
    +--------+----------+----------+------------+

+ Latency: 
    * Summary: 
    +---------+---------+----------+----------+-----+-----+---------+
    |  Latency (cycles) |  Latency (absolute) |  Interval | Pipeline|
    |   min   |   max   |    min   |    max   | min | max |   Type  |
    +---------+---------+----------+----------+-----+-----+---------+
    |        ?|        ?|         ?|         ?|    ?|    ?|       no|
    +---------+---------+----------+----------+-----+-----+---------+

    + Detail: 
        * Instance: 
        +------------------------------------------------------------+-------------------------------------------------+---------+---------+----------+----------+-----+-----+---------+
        |                                                            |                                                 |  Latency (cycles) |  Latency (absolute) |  Interval | Pipeline|
        |                          Instance                          |                      Module                     |   min   |   max   |    min   |    max   | min | max |   Type  |
        +------------------------------------------------------------+-------------------------------------------------+---------+---------+----------+----------+-----+-----+---------+
        |grp_LOADBYTES_1_fu_422                                      |LOADBYTES_1                                      |       10|       10|  0.100 us|  0.100 us|   10|   10|       no|
        |grp_LOADBYTES_1_fu_430                                      |LOADBYTES_1                                      |       10|       10|  0.100 us|  0.100 us|   10|   10|       no|
        |grp_ROUND_fu_440                                            |ROUND                                            |        0|        0|      0 ns|      0 ns|    0|    0|       no|
        |grp_ROUND_fu_455                                            |ROUND                                            |        0|        0|      0 ns|      0 ns|    0|    0|       no|
        |grp_LOADBYTES_2_fu_486                                      |LOADBYTES_2                                      |        ?|        ?|         ?|         ?|    ?|    ?|       no|
        |grp_crypto_aead_encrypt_1_Pipeline_VITIS_LOOP_28_1_fu_497   |crypto_aead_encrypt_1_Pipeline_VITIS_LOOP_28_1   |        ?|        ?|         ?|         ?|    ?|    ?|       no|
        |grp_crypto_aead_encrypt_1_Pipeline_VITIS_LOOP_28_11_fu_507  |crypto_aead_encrypt_1_Pipeline_VITIS_LOOP_28_11  |       10|       10|  0.100 us|  0.100 us|   10|   10|       no|
        |grp_crypto_aead_encrypt_1_Pipeline_VITIS_LOOP_28_12_fu_517  |crypto_aead_encrypt_1_Pipeline_VITIS_LOOP_28_12  |       10|       10|  0.100 us|  0.100 us|   10|   10|       no|
        +------------------------------------------------------------+-------------------------------------------------+---------+---------+----------+----------+-----+-----+---------+

        * Loop: 
        +--------------------+---------+---------+----------+-----------+-----------+------+----------+
        |                    |  Latency (cycles) | Iteration|  Initiation Interval  | Trip |          |
        |      Loop Name     |   min   |   max   |  Latency |  achieved |   target  | Count| Pipelined|
        +--------------------+---------+---------+----------+-----------+-----------+------+----------+
        |- VITIS_LOOP_77_3   |        ?|        ?|         ?|          -|          -|     ?|        no|
        |- VITIS_LOOP_104_7  |        ?|        ?|         ?|          -|          -|     ?|        no|
        | + VITIS_LOOP_28_1  |        8|        8|         1|          -|          -|     8|        no|
        +--------------------+---------+---------+----------+-----------+-----------+------+----------+



================================================================
== Utilization Estimates
================================================================
* Summary: 
+-----------------+---------+-----+--------+--------+-----+
|       Name      | BRAM_18K| DSP |   FF   |   LUT  | URAM|
+-----------------+---------+-----+--------+--------+-----+
|DSP              |        -|    -|       -|       -|    -|
|Expression       |        -|    -|       0|    2078|    -|
|FIFO             |        -|    -|       -|       -|    -|
|Instance         |        -|    -|     325|    6191|    -|
|Memory           |        -|    -|       -|       -|    -|
|Multiplexer      |        -|    -|       -|     947|    -|
|Register         |        -|    -|    3590|       -|    -|
+-----------------+---------+-----+--------+--------+-----+
|Total            |        0|    0|    3915|    9216|    0|
+-----------------+---------+-----+--------+--------+-----+
|Available        |      650|  600|  202800|  101400|    0|
+-----------------+---------+-----+--------+--------+-----+
|Utilization (%)  |        0|    0|       1|       9|    0|
+-----------------+---------+-----+--------+--------+-----+

+ Detail: 
    * Instance: 
    +------------------------------------------------------------+-------------------------------------------------+---------+----+-----+------+-----+
    |                          Instance                          |                      Module                     | BRAM_18K| DSP|  FF |  LUT | URAM|
    +------------------------------------------------------------+-------------------------------------------------+---------+----+-----+------+-----+
    |grp_LOADBYTES_1_fu_422                                      |LOADBYTES_1                                      |        0|   0|   74|   355|    0|
    |grp_LOADBYTES_1_fu_430                                      |LOADBYTES_1                                      |        0|   0|   74|   355|    0|
    |grp_LOADBYTES_2_fu_486                                      |LOADBYTES_2                                      |        0|   0|  131|   415|    0|
    |grp_ROUND_fu_440                                            |ROUND                                            |        0|   0|    0|  2112|    0|
    |grp_ROUND_fu_455                                            |ROUND                                            |        0|   0|    0|  2112|    0|
    |grp_crypto_aead_encrypt_1_Pipeline_VITIS_LOOP_28_1_fu_497   |crypto_aead_encrypt_1_Pipeline_VITIS_LOOP_28_1   |        0|   0|   34|   319|    0|
    |grp_crypto_aead_encrypt_1_Pipeline_VITIS_LOOP_28_11_fu_507  |crypto_aead_encrypt_1_Pipeline_VITIS_LOOP_28_11  |        0|   0|    6|   259|    0|
    |grp_crypto_aead_encrypt_1_Pipeline_VITIS_LOOP_28_12_fu_517  |crypto_aead_encrypt_1_Pipeline_VITIS_LOOP_28_12  |        0|   0|    6|   264|    0|
    +------------------------------------------------------------+-------------------------------------------------+---------+----+-----+------+-----+
    |Total                                                       |                                                 |        0|   0|  325|  6191|    0|
    +------------------------------------------------------------+-------------------------------------------------+---------+----+-----+------+-----+

    * DSP: 
    N/A

    * Memory: 
    N/A

    * FIFO: 
    N/A

    * Expression: 
    +---------------------------------+----------+----+---+-----+------------+------------+
    |          Variable Name          | Operation| DSP| FF| LUT | Bitwidth P0| Bitwidth P1|
    +---------------------------------+----------+----+---+-----+------------+------------+
    |add_ln113_fu_1107_p2             |         +|   0|  0|   71|          64|           4|
    |add_ln114_fu_1113_p2             |         +|   0|  0|   71|          64|           5|
    |add_ln28_1_fu_1054_p2            |         +|   0|  0|   13|           4|           1|
    |add_ln28_4_fu_1217_p2            |         +|   0|  0|   14|           6|           6|
    |add_ln28_fu_1096_p2              |         +|   0|  0|   14|           6|           6|
    |add_ln84_fu_781_p2               |         +|   0|  0|   71|          64|           4|
    |add_ln85_fu_787_p2               |         +|   0|  0|   71|          64|           5|
    |clen                             |         +|   0|  0|   71|          64|           5|
    |sub_ln119_fu_1168_p2             |         -|   0|  0|   71|           6|          64|
    |sub_ln28_fu_1072_p2              |         -|   0|  0|   14|           5|           6|
    |sub_ln89_fu_877_p2               |         -|   0|  0|   71|           6|          64|
    |icmp_ln104_1_fu_984_p2           |      icmp|   0|  0|   27|          61|           1|
    |icmp_ln104_fu_916_p2             |      icmp|   0|  0|   27|          61|           1|
    |icmp_ln28_fu_1048_p2             |      icmp|   0|  0|    9|           4|           5|
    |icmp_ln75_fu_682_p2              |      icmp|   0|  0|   29|          64|           1|
    |icmp_ln77_1_fu_767_p2            |      icmp|   0|  0|   27|          61|           1|
    |icmp_ln77_fu_698_p2              |      icmp|   0|  0|   27|          61|           1|
    |lshr_ln28_fu_1082_p2             |      lshr|   0|  0|  182|          64|          64|
    |ap_block_state2_on_subcall_done  |        or|   0|  0|    2|           1|           1|
    |shl_ln119_fu_1174_p2             |       shl|   0|  0|  182|           8|          64|
    |shl_ln89_fu_883_p2               |       shl|   0|  0|  182|           8|          64|
    |s_0_46_fu_838_p2                 |       xor|   0|  0|   64|          64|          64|
    |s_0_53_fu_895_p2                 |       xor|   0|  0|   64|          64|          64|
    |s_0_61_fu_1039_p2                |       xor|   0|  0|   64|          64|          64|
    |s_0_62_fu_1180_p2                |       xor|   0|  0|   64|          64|          64|
    |s_1_57_fu_1186_p2                |       xor|   0|  0|   64|          64|          64|
    |s_2_57_fu_1192_p2                |       xor|   0|  0|   64|          64|          64|
    |s_3_14_fu_672_p2                 |       xor|   0|  0|   64|          64|          64|
    |s_3_fu_1206_p2                   |       xor|   0|  0|   64|          64|          64|
    |s_4_13_fu_677_p2                 |       xor|   0|  0|   64|          64|          64|
    |s_4_58_fu_901_p2                 |       xor|   0|  0|   64|          64|           1|
    |xor_ln117_fu_1153_p2             |       xor|   0|  0|   64|          64|          64|
    |xor_ln135_fu_1212_p2             |       xor|   0|  0|   64|          64|          64|
    |xor_ln89_fu_889_p2               |       xor|   0|  0|   64|          64|          64|
    +---------------------------------+----------+----+---+-----+------------+------------+
    |Total                            |          |   0|  0| 2078|        1578|        1142|
    +---------------------------------+----------+----+---+-----+------------+------------+

    * Multiplexer: 
    +---------------------------------------------+-----+-----------+-----+-----------+
    |                     Name                    | LUT | Input Size| Bits| Total Bits|
    +---------------------------------------------+-----+-----------+-----+-----------+
    |ad_addr_0_lcssa_idx_reg_224                  |    9|          2|    2|          4|
    |ad_assign_fu_136                             |    9|          2|   64|        128|
    |ad_ce0                                       |    9|          2|    1|          2|
    |adlen_addr_0_lcssa_reg_236                   |    9|          2|   61|        122|
    |adlen_assign_fu_140                          |    9|          2|   64|        128|
    |ap_NS_fsm                                    |  171|         38|    1|         38|
    |ap_phi_mux_adlen_addr_0_lcssa_phi_fu_239_p4  |    9|          2|   61|        122|
    |ap_phi_mux_m_addr_0_lcssa_idx_phi_fu_354_p4  |    9|          2|    3|          6|
    |ap_phi_mux_mlen_addr_0_lcssa_phi_fu_343_p4   |    9|          2|   61|        122|
    |ap_phi_mux_s_0_2_22_phi_fu_333_p4            |    9|          2|   64|        128|
    |ap_phi_mux_s_1_2_21_phi_fu_323_p4            |    9|          2|   64|        128|
    |ap_phi_mux_s_2_2_20_phi_fu_313_p4            |    9|          2|   64|        128|
    |ap_phi_mux_s_3_2_19_phi_fu_303_p4            |    9|          2|   64|        128|
    |ap_phi_mux_s_4_2_18_phi_fu_294_p4            |    9|          2|   64|        128|
    |c_address0                                   |   21|          5|    6|         30|
    |c_ce0                                        |   21|          5|    1|          5|
    |c_d0                                         |   21|          5|    8|         40|
    |c_we0                                        |   21|          5|    1|          5|
    |grp_LOADBYTES_1_fu_422_bytes                 |   13|          3|    4|         12|
    |grp_LOADBYTES_1_fu_430_bytes                 |   13|          3|    4|         12|
    |grp_LOADBYTES_2_fu_486_ad_q0                 |   13|          3|    8|         24|
    |grp_LOADBYTES_2_fu_486_bytes                 |   21|          5|    5|         25|
    |grp_LOADBYTES_2_fu_486_n                     |   17|          4|   32|        128|
    |grp_ROUND_fu_440_C                           |   45|         11|    8|         88|
    |grp_ROUND_fu_440_s_0_read                    |   37|          9|   64|        576|
    |grp_ROUND_fu_440_s_1_read                    |   37|          9|   64|        576|
    |grp_ROUND_fu_440_s_2_read                    |   37|          9|   64|        576|
    |grp_ROUND_fu_440_s_3_read                    |   33|          8|   64|        512|
    |grp_ROUND_fu_440_s_4_read                    |   33|          8|   64|        512|
    |grp_ROUND_fu_455_C                           |   33|          8|    8|         64|
    |i_reg_362                                    |    9|          2|    4|          8|
    |k_ce0                                        |    9|          2|    1|          2|
    |m_addr_0_lcssa_idx_reg_350                   |    9|          2|    3|          6|
    |m_assign_fu_164                              |    9|          2|   64|        128|
    |m_ce0                                        |    9|          2|    1|          2|
    |mlen_addr_0_lcssa_reg_340                    |    9|          2|   61|        122|
    |mlen_assign_fu_168                           |    9|          2|   64|        128|
    |npub_ce0                                     |    9|          2|    1|          2|
    |s_0_1_17_reg_246                             |    9|          2|   64|        128|
    |s_0_4_28_reg_373                             |    9|          2|   64|        128|
    |s_0_60_fu_172                                |    9|          2|   64|        128|
    |s_1_1_16_reg_282                             |    9|          2|   64|        128|
    |s_1_4_27_reg_412                             |    9|          2|   64|        128|
    |s_1_56_fu_176                                |    9|          2|   64|        128|
    |s_2_1_15_reg_273                             |    9|          2|   64|        128|
    |s_2_4_26_reg_402                             |    9|          2|   64|        128|
    |s_2_56_fu_180                                |    9|          2|   64|        128|
    |s_3_1_14_reg_264                             |    9|          2|   64|        128|
    |s_3_2_19_reg_300                             |    9|          2|   64|        128|
    |s_3_45_fu_156                                |    9|          2|   64|        128|
    |s_3_4_25_reg_392                             |    9|          2|   64|        128|
    |s_3_58_fu_184                                |    9|          2|   64|        128|
    |s_4_1_13_reg_255                             |    9|          2|   64|        128|
    |s_4_2_18_reg_291                             |    9|          2|   64|        128|
    |s_4_45_fu_160                                |    9|          2|   64|        128|
    |s_4_4_24_reg_383                             |    9|          2|   64|        128|
    |s_4_59_fu_188                                |    9|          2|   64|        128|
    +---------------------------------------------+-----+-----------+-----+-----------+
    |Total                                        |  947|        218| 2458|       7327|
    +---------------------------------------------+-----+-----------+-----+-----------+

    * Register: 
    +-------------------------------------------------------------------------+----+----+-----+-----------+
    |                                   Name                                  | FF | LUT| Bits| Const Bits|
    +-------------------------------------------------------------------------+----+----+-----+-----------+
    |K0_reg_1222                                                              |  64|   0|   64|          0|
    |K1_reg_1235                                                              |  64|   0|   64|          0|
    |N0_reg_1230                                                              |  64|   0|   64|          0|
    |ad_addr_0_lcssa_idx_reg_224                                              |   2|   0|    5|          3|
    |ad_assign_fu_136                                                         |  64|   0|   64|          0|
    |add_ln28_4_reg_1523                                                      |   6|   0|    6|          0|
    |adlen_addr_0_lcssa_reg_236                                               |  61|   0|   61|          0|
    |adlen_assign_fu_140                                                      |  64|   0|   64|          0|
    |ap_CS_fsm                                                                |  37|   0|   37|          0|
    |empty_12_reg_1261                                                        |  61|   0|   61|          0|
    |grp_LOADBYTES_1_fu_422_ap_start_reg                                      |   1|   0|    1|          0|
    |grp_LOADBYTES_1_fu_430_ap_start_reg                                      |   1|   0|    1|          0|
    |grp_LOADBYTES_2_fu_486_ap_start_reg                                      |   1|   0|    1|          0|
    |grp_crypto_aead_encrypt_1_Pipeline_VITIS_LOOP_28_11_fu_507_ap_start_reg  |   1|   0|    1|          0|
    |grp_crypto_aead_encrypt_1_Pipeline_VITIS_LOOP_28_12_fu_517_ap_start_reg  |   1|   0|    1|          0|
    |grp_crypto_aead_encrypt_1_Pipeline_VITIS_LOOP_28_1_fu_497_ap_start_reg   |   1|   0|    1|          0|
    |i_reg_362                                                                |   4|   0|    4|          0|
    |icmp_ln104_reg_1383                                                      |   1|   0|    1|          0|
    |icmp_ln75_reg_1278                                                       |   1|   0|    1|          0|
    |icmp_ln77_reg_1282                                                       |   1|   0|    1|          0|
    |m_addr_0_lcssa_idx_reg_350                                               |   3|   0|    6|          3|
    |m_assign_fu_164                                                          |  64|   0|   64|          0|
    |mlen_addr_0_lcssa_reg_340                                                |  61|   0|   61|          0|
    |mlen_assign_fu_168                                                       |  64|   0|   64|          0|
    |reg_578                                                                  |  64|   0|   64|          0|
    |reg_585                                                                  |  64|   0|   64|          0|
    |reg_592                                                                  |  64|   0|   64|          0|
    |reg_599                                                                  |  64|   0|   64|          0|
    |reg_604                                                                  |  64|   0|   64|          0|
    |reg_609                                                                  |  64|   0|   64|          0|
    |reg_614                                                                  |  64|   0|   64|          0|
    |reg_619                                                                  |  64|   0|   64|          0|
    |reg_624                                                                  |  64|   0|   64|          0|
    |reg_629                                                                  |  64|   0|   64|          0|
    |reg_634                                                                  |  64|   0|   64|          0|
    |reg_639                                                                  |  64|   0|   64|          0|
    |reg_644                                                                  |  64|   0|   64|          0|
    |s_0_1_17_reg_246                                                         |  64|   0|   64|          0|
    |s_0_2_22_reg_330                                                         |  64|   0|   64|          0|
    |s_0_45_fu_144                                                            |  64|   0|   64|          0|
    |s_0_4_28_reg_373                                                         |  64|   0|   64|          0|
    |s_0_53_reg_1373                                                          |  64|   0|   64|          0|
    |s_0_60_fu_172                                                            |  64|   0|   64|          0|
    |s_0_61_reg_1489                                                          |  64|   0|   64|          0|
    |s_0_62_reg_1508                                                          |  64|   0|   64|          0|
    |s_1_1_16_reg_282                                                         |  64|   0|   64|          0|
    |s_1_2_21_reg_320                                                         |  64|   0|   64|          0|
    |s_1_43_fu_148                                                            |  64|   0|   64|          0|
    |s_1_4_27_reg_412                                                         |  64|   0|   64|          0|
    |s_1_56_fu_176                                                            |  64|   0|   64|          0|
    |s_2_1_15_reg_273                                                         |  64|   0|   64|          0|
    |s_2_2_20_reg_310                                                         |  64|   0|   64|          0|
    |s_2_43_fu_152                                                            |  64|   0|   64|          0|
    |s_2_4_26_reg_402                                                         |  64|   0|   64|          0|
    |s_2_56_fu_180                                                            |  64|   0|   64|          0|
    |s_3_1_14_reg_264                                                         |  64|   0|   64|          0|
    |s_3_2_19_reg_300                                                         |  64|   0|   64|          0|
    |s_3_45_fu_156                                                            |  64|   0|   64|          0|
    |s_3_4_25_reg_392                                                         |  64|   0|   64|          0|
    |s_3_58_fu_184                                                            |  64|   0|   64|          0|
    |s_3_reg_1513                                                             |  64|   0|   64|          0|
    |s_4_1_13_reg_255                                                         |  64|   0|   64|          0|
    |s_4_2_18_reg_291                                                         |  64|   0|   64|          0|
    |s_4_45_fu_160                                                            |  64|   0|   64|          0|
    |s_4_4_24_reg_383                                                         |  64|   0|   64|          0|
    |s_4_59_fu_188                                                            |  64|   0|   64|          0|
    |trunc_ln104_1_reg_1467                                                   |   5|   0|    5|          0|
    |trunc_ln117_1_reg_1478                                                   |   2|   0|    5|          3|
    |trunc_ln117_2_reg_1483                                                   |  32|   0|   32|          0|
    |trunc_ln117_reg_1472                                                     |   6|   0|    6|          0|
    |trunc_ln77_1_reg_1363                                                    |   5|   0|    5|          0|
    |trunc_ln88_reg_1368                                                      |  32|   0|   32|          0|
    |xor_ln117_reg_1503                                                       |  64|   0|   64|          0|
    |xor_ln135_reg_1518                                                       |  64|   0|   64|          0|
    +-------------------------------------------------------------------------+----+----+-----+-----------+
    |Total                                                                    |3590|   0| 3599|          9|
    +-------------------------------------------------------------------------+----+----+-----+-----------+



================================================================
== Interface
================================================================
* Summary: 
+---------------+-----+-----+------------+-----------------------+--------------+
|   RTL Ports   | Dir | Bits|  Protocol  |     Source Object     |    C Type    |
+---------------+-----+-----+------------+-----------------------+--------------+
|ap_clk         |   in|    1|  ap_ctrl_hs|  crypto_aead_encrypt.1|  return value|
|ap_rst         |   in|    1|  ap_ctrl_hs|  crypto_aead_encrypt.1|  return value|
|ap_start       |   in|    1|  ap_ctrl_hs|  crypto_aead_encrypt.1|  return value|
|ap_done        |  out|    1|  ap_ctrl_hs|  crypto_aead_encrypt.1|  return value|
|ap_idle        |  out|    1|  ap_ctrl_hs|  crypto_aead_encrypt.1|  return value|
|ap_ready       |  out|    1|  ap_ctrl_hs|  crypto_aead_encrypt.1|  return value|
|c_address0     |  out|    6|   ap_memory|                      c|         array|
|c_ce0          |  out|    1|   ap_memory|                      c|         array|
|c_we0          |  out|    1|   ap_memory|                      c|         array|
|c_d0           |  out|    8|   ap_memory|                      c|         array|
|clen           |  out|   64|      ap_vld|                   clen|       pointer|
|clen_ap_vld    |  out|    1|      ap_vld|                   clen|       pointer|
|m_address0     |  out|    5|   ap_memory|                      m|         array|
|m_ce0          |  out|    1|   ap_memory|                      m|         array|
|m_q0           |   in|    8|   ap_memory|                      m|         array|
|mlen           |   in|   64|     ap_none|                   mlen|        scalar|
|ad_address0    |  out|    5|   ap_memory|                     ad|         array|
|ad_ce0         |  out|    1|   ap_memory|                     ad|         array|
|ad_q0          |   in|    8|   ap_memory|                     ad|         array|
|adlen          |   in|   64|     ap_none|                  adlen|        scalar|
|npub_address0  |  out|    4|   ap_memory|                   npub|         array|
|npub_ce0       |  out|    1|   ap_memory|                   npub|         array|
|npub_q0        |   in|    8|   ap_memory|                   npub|         array|
|k_address0     |  out|    4|   ap_memory|                      k|         array|
|k_ce0          |  out|    1|   ap_memory|                      k|         array|
|k_q0           |   in|    8|   ap_memory|                      k|         array|
+---------------+-----+-----+------------+-----------------------+--------------+

