

================================================================
== Vitis HLS Report for 'crypto_aead_decrypt_1'
================================================================
* Date:           Tue Apr  5 21:50:56 2022

* Version:        2021.2 (Build 3367213 on Tue Oct 19 02:48:09 MDT 2021)
* Project:        PII-2022-Grazzani-Rogora-Zaffiretti
* Solution:       solution1 (Vivado IP Flow Target)
* Product family: kintex7
* Target device:  xc7k160t-fbv484-2


================================================================
== Performance Estimates
================================================================
+ Timing: 
    * Summary: 
    +--------+----------+----------+------------+
    |  Clock |  Target  | Estimated| Uncertainty|
    +--------+----------+----------+------------+
    |ap_clk  |  10.00 ns|  8.502 ns|     2.70 ns|
    +--------+----------+----------+------------+

+ Latency: 
    * Summary: 
    +---------+---------+----------+----------+-----+-----+---------+
    |  Latency (cycles) |  Latency (absolute) |  Interval | Pipeline|
    |   min   |   max   |    min   |    max   | min | max |   Type  |
    +---------+---------+----------+----------+-----+-----+---------+
    |        ?|        ?|         ?|         ?|    ?|    ?|       no|
    +---------+---------+----------+----------+-----+-----+---------+

    + Detail: 
        * Instance: 
        +-------------------------------------------------------------+--------------------------------------------------+---------+---------+-----------+----------+-----+-----+---------+
        |                                                             |                                                  |  Latency (cycles) |  Latency (absolute)  |  Interval | Pipeline|
        |                           Instance                          |                      Module                      |   min   |   max   |    min    |    max   | min | max |   Type  |
        +-------------------------------------------------------------+--------------------------------------------------+---------+---------+-----------+----------+-----+-----+---------+
        |grp_LOADBYTES_1_fu_480                                       |LOADBYTES_1                                       |       10|       10|   0.100 us|  0.100 us|   10|   10|       no|
        |grp_LOADBYTES_1_fu_488                                       |LOADBYTES_1                                       |       10|       10|   0.100 us|  0.100 us|   10|   10|       no|
        |grp_ROUND_fu_498                                             |ROUND                                             |        0|        0|       0 ns|      0 ns|    0|    0|       no|
        |grp_ROUND_fu_513                                             |ROUND                                             |        0|        0|       0 ns|      0 ns|    0|    0|       no|
        |grp_LOADBYTES_2_fu_545                                       |LOADBYTES_2                                       |        ?|        ?|          ?|         ?|    ?|    ?|       no|
        |grp_LOADBYTES_3_fu_555                                       |LOADBYTES_3                                       |        ?|        ?|          ?|         ?|    ?|    ?|       no|
        |grp_crypto_aead_decrypt_1_Pipeline_VITIS_LOOP_28_1_fu_565    |crypto_aead_decrypt_1_Pipeline_VITIS_LOOP_28_1    |        3|        ?|  30.000 ns|         ?|    3|    ?|       no|
        |grp_crypto_aead_decrypt_1_Pipeline_VITIS_LOOP_33_1_fu_574    |crypto_aead_decrypt_1_Pipeline_VITIS_LOOP_33_1    |        3|        ?|  30.000 ns|         ?|    3|    ?|       no|
        |grp_crypto_aead_decrypt_1_Pipeline_VITIS_LOOP_28_11_fu_582   |crypto_aead_decrypt_1_Pipeline_VITIS_LOOP_28_11   |       10|       10|   0.100 us|  0.100 us|   10|   10|       no|
        |grp_crypto_aead_decrypt_1_Pipeline_VITIS_LOOP_28_12_fu_588   |crypto_aead_decrypt_1_Pipeline_VITIS_LOOP_28_12   |       10|       10|   0.100 us|  0.100 us|   10|   10|       no|
        |grp_crypto_aead_decrypt_1_Pipeline_VITIS_LOOP_282_12_fu_594  |crypto_aead_decrypt_1_Pipeline_VITIS_LOOP_282_12  |       19|       19|   0.190 us|  0.190 us|   19|   19|       no|
        +-------------------------------------------------------------+--------------------------------------------------+---------+---------+-----------+----------+-----+-----+---------+

        * Loop: 
        +--------------------+---------+---------+----------+-----------+-----------+------+----------+
        |                    |  Latency (cycles) | Iteration|  Initiation Interval  | Trip |          |
        |      Loop Name     |   min   |   max   |  Latency |  achieved |   target  | Count| Pipelined|
        +--------------------+---------+---------+----------+-----------+-----------+------+----------+
        |- VITIS_LOOP_210_3  |        ?|        ?|         ?|          -|          -|     ?|        no|
        |- VITIS_LOOP_238_7  |        ?|        ?|         ?|          -|          -|     ?|        no|
        | + VITIS_LOOP_28_1  |        8|        8|         1|          -|          -|     8|        no|
        +--------------------+---------+---------+----------+-----------+-----------+------+----------+



================================================================
== Utilization Estimates
================================================================
* Summary: 
+-----------------+---------+-----+--------+--------+-----+
|       Name      | BRAM_18K| DSP |   FF   |   LUT  | URAM|
+-----------------+---------+-----+--------+--------+-----+
|DSP              |        -|    -|       -|       -|    -|
|Expression       |        -|    -|       0|    2274|    -|
|FIFO             |        -|    -|       -|       -|    -|
|Instance         |        -|    -|     595|    7118|    -|
|Memory           |        0|    -|      16|       2|    0|
|Multiplexer      |        -|    -|       -|    1078|    -|
|Register         |        -|    -|    4207|       -|    -|
+-----------------+---------+-----+--------+--------+-----+
|Total            |        0|    0|    4818|   10472|    0|
+-----------------+---------+-----+--------+--------+-----+
|Available        |      650|  600|  202800|  101400|    0|
+-----------------+---------+-----+--------+--------+-----+
|Utilization (%)  |        0|    0|       2|      10|    0|
+-----------------+---------+-----+--------+--------+-----+

+ Detail: 
    * Instance: 
    +-------------------------------------------------------------+--------------------------------------------------+---------+----+-----+------+-----+
    |                           Instance                          |                      Module                      | BRAM_18K| DSP|  FF |  LUT | URAM|
    +-------------------------------------------------------------+--------------------------------------------------+---------+----+-----+------+-----+
    |grp_LOADBYTES_1_fu_480                                       |LOADBYTES_1                                       |        0|   0|   74|   355|    0|
    |grp_LOADBYTES_1_fu_488                                       |LOADBYTES_1                                       |        0|   0|   74|   355|    0|
    |grp_LOADBYTES_2_fu_545                                       |LOADBYTES_2                                       |        0|   0|  131|   415|    0|
    |grp_LOADBYTES_3_fu_555                                       |LOADBYTES_3                                       |        0|   0|  131|   416|    0|
    |grp_ROUND_fu_498                                             |ROUND                                             |        0|   0|    0|  2112|    0|
    |grp_ROUND_fu_513                                             |ROUND                                             |        0|   0|    0|  2112|    0|
    |grp_crypto_aead_decrypt_1_Pipeline_VITIS_LOOP_282_12_fu_594  |crypto_aead_decrypt_1_Pipeline_VITIS_LOOP_282_12  |        0|   0|   42|   100|    0|
    |grp_crypto_aead_decrypt_1_Pipeline_VITIS_LOOP_28_1_fu_565    |crypto_aead_decrypt_1_Pipeline_VITIS_LOOP_28_1    |        0|   0|   33|   316|    0|
    |grp_crypto_aead_decrypt_1_Pipeline_VITIS_LOOP_28_11_fu_582   |crypto_aead_decrypt_1_Pipeline_VITIS_LOOP_28_11   |        0|   0|    6|   245|    0|
    |grp_crypto_aead_decrypt_1_Pipeline_VITIS_LOOP_28_12_fu_588   |crypto_aead_decrypt_1_Pipeline_VITIS_LOOP_28_12   |        0|   0|    6|   250|    0|
    |grp_crypto_aead_decrypt_1_Pipeline_VITIS_LOOP_33_1_fu_574    |crypto_aead_decrypt_1_Pipeline_VITIS_LOOP_33_1    |        0|   0|   98|   442|    0|
    +-------------------------------------------------------------+--------------------------------------------------+---------+----+-----+------+-----+
    |Total                                                        |                                                  |        0|   0|  595|  7118|    0|
    +-------------------------------------------------------------+--------------------------------------------------+---------+----+-----+------+-----+

    * DSP: 
    N/A

    * Memory: 
    +-------+---------------------------------------+---------+----+----+-----+------+-----+------+-------------+
    | Memory|                 Module                | BRAM_18K| FF | LUT| URAM| Words| Bits| Banks| W*Bits*Banks|
    +-------+---------------------------------------+---------+----+----+-----+------+-----+------+-------------+
    |t_U    |crypto_aead_decrypt_1_t_RAM_AUTO_1R1W  |        0|  16|   2|    0|    16|    8|     1|          128|
    +-------+---------------------------------------+---------+----+----+-----+------+-----+------+-------------+
    |Total  |                                       |        0|  16|   2|    0|    16|    8|     1|          128|
    +-------+---------------------------------------+---------+----+----+-----+------+-----+------+-------------+

    * FIFO: 
    N/A

    * Expression: 
    +----------------------------------+----------+----+---+-----+------------+------------+
    |           Variable Name          | Operation| DSP| FF| LUT | Bitwidth P0| Bitwidth P1|
    +----------------------------------+----------+----+---+-----+------------+------------+
    |add_ln181_1_fu_738_p2             |         +|   0|  0|   68|          61|           6|
    |add_ln181_fu_744_p2               |         +|   0|  0|   71|          64|           6|
    |add_ln217_fu_864_p2               |         +|   0|  0|   71|          64|           4|
    |add_ln218_fu_870_p2               |         +|   0|  0|   71|          64|           5|
    |add_ln238_fu_1081_p2              |         +|   0|  0|   14|           6|           6|
    |add_ln244_fu_1205_p2              |         +|   0|  0|   71|          64|           4|
    |add_ln246_fu_1211_p2              |         +|   0|  0|   71|          64|           5|
    |add_ln283_fu_1333_p2              |         +|   0|  0|   16|           9|           2|
    |add_ln28_1_fu_1152_p2             |         +|   0|  0|   13|           4|           1|
    |add_ln28_fu_1194_p2               |         +|   0|  0|   13|           5|           5|
    |sub_ln222_fu_960_p2               |         -|   0|  0|   71|           6|          64|
    |sub_ln253_fu_1275_p2              |         -|   0|  0|   71|           6|          64|
    |sub_ln28_fu_1170_p2               |         -|   0|  0|   14|           5|           6|
    |icmp_ln178_fu_732_p2              |      icmp|   0|  0|   27|          60|           1|
    |icmp_ln208_fu_768_p2              |      icmp|   0|  0|   29|          64|           1|
    |icmp_ln210_1_fu_850_p2            |      icmp|   0|  0|   27|          61|           1|
    |icmp_ln210_fu_782_p2              |      icmp|   0|  0|   27|          61|           1|
    |icmp_ln238_1_fu_1067_p2           |      icmp|   0|  0|   27|          61|           1|
    |icmp_ln238_fu_999_p2              |      icmp|   0|  0|   27|          61|           1|
    |icmp_ln28_1_fu_1131_p2            |      icmp|   0|  0|   18|          32|           1|
    |icmp_ln28_fu_1146_p2              |      icmp|   0|  0|    9|           4|           5|
    |lshr_ln28_fu_1180_p2              |      lshr|   0|  0|  182|          64|          64|
    |ap_block_state28_on_subcall_done  |        or|   0|  0|    2|           1|           1|
    |ap_block_state2_on_subcall_done   |        or|   0|  0|    2|           1|           1|
    |or_ln252_fu_1281_p2               |        or|   0|  0|   64|          64|          64|
    |shl_ln222_fu_966_p2               |       shl|   0|  0|  182|           8|          64|
    |shl_ln253_fu_1287_p2              |       shl|   0|  0|  182|           8|          64|
    |result_fu_1347_p2                 |       xor|   0|  0|    2|           1|           2|
    |s_0_45_fu_921_p2                  |       xor|   0|  0|   64|          64|          64|
    |s_0_52_fu_978_p2                  |       xor|   0|  0|   64|          64|          64|
    |s_0_60_fu_1292_p2                 |       xor|   0|  0|   64|          64|          64|
    |s_1_57_fu_1299_p2                 |       xor|   0|  0|   64|          64|          64|
    |s_2_57_fu_1305_p2                 |       xor|   0|  0|   64|          64|          64|
    |s_3_14_fu_758_p2                  |       xor|   0|  0|   64|          64|          64|
    |s_3_fu_1319_p2                    |       xor|   0|  0|   64|          64|          64|
    |s_4_13_fu_763_p2                  |       xor|   0|  0|   64|          64|          64|
    |s_4_59_fu_984_p2                  |       xor|   0|  0|   64|          64|           1|
    |s_4_73_fu_1325_p2                 |       xor|   0|  0|   64|          64|          64|
    |xor_ln222_fu_972_p2               |       xor|   0|  0|   64|          64|          64|
    |xor_ln240_fu_1137_p2              |       xor|   0|  0|   64|          64|          64|
    |xor_ln250_fu_1251_p2              |       xor|   0|  0|   64|          64|          64|
    +----------------------------------+----------+----+---+-----+------------+------------+
    |Total                             |          |   0|  0| 2274|        1805|        1219|
    +----------------------------------+----------+----+---+-----+------------+------------+

    * Multiplexer: 
    +---------------------------------------------+-----+-----------+-----+-----------+
    |                     Name                    | LUT | Input Size| Bits| Total Bits|
    +---------------------------------------------+-----+-----------+-----+-----------+
    |ad_addr_0_lcssa_idx_reg_266                  |    9|          2|    2|          4|
    |ad_assign_fu_168                             |    9|          2|   64|        128|
    |ad_ce0                                       |    9|          2|    1|          2|
    |adlen_addr_0_lcssa_reg_256                   |    9|          2|   61|        122|
    |adlen_assign_fu_172                          |    9|          2|   64|        128|
    |ap_NS_fsm                                    |  189|         43|    1|         43|
    |ap_phi_mux_adlen_addr_0_lcssa_phi_fu_259_p4  |    9|          2|   61|        122|
    |ap_phi_mux_c_addr_0_lcssa_idx_phi_fu_386_p4  |    9|          2|    3|          6|
    |ap_phi_mux_clen_addr_0_lcssa_phi_fu_375_p4   |    9|          2|   61|        122|
    |ap_phi_mux_retval_0_phi_fu_473_p4            |    9|          2|    1|          2|
    |ap_phi_mux_s_0_2_30_phi_fu_365_p4            |    9|          2|   64|        128|
    |ap_phi_mux_s_1_2_29_phi_fu_355_p4            |    9|          2|   64|        128|
    |ap_phi_mux_s_2_2_28_phi_fu_345_p4            |    9|          2|   64|        128|
    |ap_phi_mux_s_3_2_27_phi_fu_335_p4            |    9|          2|   64|        128|
    |ap_phi_mux_s_4_2_26_phi_fu_326_p4            |    9|          2|   64|        128|
    |ap_return                                    |    9|          2|    1|          2|
    |c_addr_0_lcssa_idx_reg_382                   |    9|          2|    3|          6|
    |c_address0                                   |   13|          3|    6|         18|
    |c_assign_fu_196                              |    9|          2|   64|        128|
    |c_ce0                                        |   13|          3|    1|          3|
    |clen_addr_0_lcssa_reg_372                    |    9|          2|   61|        122|
    |clen_assign_1_fu_200                         |    9|          2|   64|        128|
    |grp_LOADBYTES_1_fu_480_bytes                 |   13|          3|    4|         12|
    |grp_LOADBYTES_1_fu_488_bytes                 |   13|          3|    4|         12|
    |grp_LOADBYTES_2_fu_545_bytes                 |   13|          3|    5|         15|
    |grp_LOADBYTES_2_fu_545_n                     |   13|          3|   32|         96|
    |grp_LOADBYTES_3_fu_555_bytes                 |   13|          3|    6|         18|
    |grp_LOADBYTES_3_fu_555_n                     |   13|          3|   32|         96|
    |grp_ROUND_fu_498_C                           |   45|         11|    8|         88|
    |grp_ROUND_fu_498_s_0_read                    |   37|          9|   64|        576|
    |grp_ROUND_fu_498_s_1_read                    |   37|          9|   64|        576|
    |grp_ROUND_fu_498_s_2_read                    |   37|          9|   64|        576|
    |grp_ROUND_fu_498_s_3_read                    |   33|          8|   64|        512|
    |grp_ROUND_fu_498_s_4_read                    |   33|          8|   64|        512|
    |grp_ROUND_fu_513_C                           |   37|          9|    8|         72|
    |i_reg_394                                    |    9|          2|    4|          8|
    |k_ce0                                        |    9|          2|    1|          2|
    |m_address0                                   |   13|          3|    5|         15|
    |m_ce0                                        |   13|          3|    1|          3|
    |m_d0                                         |   13|          3|    8|         24|
    |m_we0                                        |   13|          3|    1|          3|
    |npub_ce0                                     |    9|          2|    1|          2|
    |retval_0_reg_469                             |    9|          2|    1|          2|
    |s_0_1_25_reg_278                             |    9|          2|   64|        128|
    |s_0_2_30_reg_362                             |    9|          2|   64|        128|
    |s_0_59_fu_204                                |    9|          2|   64|        128|
    |s_1_1_24_reg_314                             |    9|          2|   64|        128|
    |s_1_2_29_reg_352                             |    9|          2|   64|        128|
    |s_1_4_35_reg_437                             |    9|          2|   64|        128|
    |s_1_56_fu_208                                |    9|          2|   64|        128|
    |s_2_1_23_reg_305                             |    9|          2|   64|        128|
    |s_2_2_28_reg_342                             |    9|          2|   64|        128|
    |s_2_4_34_reg_426                             |    9|          2|   64|        128|
    |s_2_56_fu_212                                |    9|          2|   64|        128|
    |s_3_1_22_reg_296                             |    9|          2|   64|        128|
    |s_3_2_27_reg_332                             |    9|          2|   64|        128|
    |s_3_45_fu_188                                |    9|          2|   64|        128|
    |s_3_4_33_reg_415                             |    9|          2|   64|        128|
    |s_3_58_fu_216                                |    9|          2|   64|        128|
    |s_4_1_21_reg_287                             |    9|          2|   64|        128|
    |s_4_2_26_reg_323                             |    9|          2|   64|        128|
    |s_4_46_fu_192                                |    9|          2|   64|        128|
    |s_4_4_32_reg_405                             |    9|          2|   64|        128|
    |s_4_60_fu_220                                |    9|          2|   64|        128|
    |t_address0                                   |   17|          4|    4|         16|
    |t_ce0                                        |   17|          4|    1|          4|
    |t_d0                                         |   13|          3|    8|         24|
    |t_we0                                        |   13|          3|    1|          3|
    |x_addr_0_lcssa_i_reg_459                     |    9|          2|   64|        128|
    |x_assign_1_reg_448                           |    9|          2|   64|        128|
    +---------------------------------------------+-----+-----------+-----+-----------+
    |Total                                        | 1078|        248| 2766|       7937|
    +---------------------------------------------+-----+-----------+-----+-----------+

    * Register: 
    +--------------------------------------------------------------------------+----+----+-----+-----------+
    |                                   Name                                   | FF | LUT| Bits| Const Bits|
    +--------------------------------------------------------------------------+----+----+-----+-----------+
    |K0_reg_1396                                                               |  64|   0|   64|          0|
    |K1_reg_1409                                                               |  64|   0|   64|          0|
    |N0_reg_1404                                                               |  64|   0|   64|          0|
    |ad_addr_0_lcssa_idx_reg_266                                               |   2|   0|    5|          3|
    |ad_assign_fu_168                                                          |  64|   0|   64|          0|
    |add_ln181_1_reg_1391                                                      |  61|   0|   61|          0|
    |add_ln181_reg_1416                                                        |  64|   0|   64|          0|
    |adlen_addr_0_lcssa_reg_256                                                |  61|   0|   61|          0|
    |adlen_assign_fu_172                                                       |  64|   0|   64|          0|
    |ap_CS_fsm                                                                 |  42|   0|   42|          0|
    |ap_return_preg                                                            |   1|   0|    1|          0|
    |c_addr_0_lcssa_idx_reg_382                                                |   3|   0|    6|          3|
    |c_assign_fu_196                                                           |  64|   0|   64|          0|
    |clen_addr_0_lcssa_reg_372                                                 |  61|   0|   61|          0|
    |clen_assign_1_fu_200                                                      |  64|   0|   64|          0|
    |empty_reg_1382                                                            |  61|   0|   61|          0|
    |grp_LOADBYTES_1_fu_480_ap_start_reg                                       |   1|   0|    1|          0|
    |grp_LOADBYTES_1_fu_488_ap_start_reg                                       |   1|   0|    1|          0|
    |grp_LOADBYTES_2_fu_545_ap_start_reg                                       |   1|   0|    1|          0|
    |grp_LOADBYTES_3_fu_555_ap_start_reg                                       |   1|   0|    1|          0|
    |grp_crypto_aead_decrypt_1_Pipeline_VITIS_LOOP_282_12_fu_594_ap_start_reg  |   1|   0|    1|          0|
    |grp_crypto_aead_decrypt_1_Pipeline_VITIS_LOOP_28_11_fu_582_ap_start_reg   |   1|   0|    1|          0|
    |grp_crypto_aead_decrypt_1_Pipeline_VITIS_LOOP_28_12_fu_588_ap_start_reg   |   1|   0|    1|          0|
    |grp_crypto_aead_decrypt_1_Pipeline_VITIS_LOOP_28_1_fu_565_ap_start_reg    |   1|   0|    1|          0|
    |grp_crypto_aead_decrypt_1_Pipeline_VITIS_LOOP_33_1_fu_574_ap_start_reg    |   1|   0|    1|          0|
    |i_reg_394                                                                 |   4|   0|    4|          0|
    |icmp_ln178_reg_1387                                                       |   1|   0|    1|          0|
    |icmp_ln208_reg_1434                                                       |   1|   0|    1|          0|
    |icmp_ln210_reg_1438                                                       |   1|   0|    1|          0|
    |icmp_ln238_reg_1579                                                       |   1|   0|    1|          0|
    |icmp_ln28_1_reg_1683                                                      |   1|   0|    1|          0|
    |reg_653                                                                   |  64|   0|   64|          0|
    |reg_660                                                                   |  64|   0|   64|          0|
    |reg_667                                                                   |  64|   0|   64|          0|
    |reg_674                                                                   |  64|   0|   64|          0|
    |reg_679                                                                   |  64|   0|   64|          0|
    |reg_684                                                                   |  64|   0|   64|          0|
    |reg_689                                                                   |  64|   0|   64|          0|
    |reg_694                                                                   |  64|   0|   64|          0|
    |reg_699                                                                   |  64|   0|   64|          0|
    |reg_704                                                                   |  64|   0|   64|          0|
    |reg_709                                                                   |  64|   0|   64|          0|
    |result_1_loc_fu_156                                                       |   9|   0|    9|          0|
    |retval_0_reg_469                                                          |   1|   0|    1|          0|
    |s_0_1_25_reg_278                                                          |  64|   0|   64|          0|
    |s_0_26_fu_176                                                             |  64|   0|   64|          0|
    |s_0_2_30_reg_362                                                          |  64|   0|   64|          0|
    |s_0_46_reg_1529                                                           |  64|   0|   64|          0|
    |s_0_52_reg_1544                                                           |  64|   0|   64|          0|
    |s_0_58_reg_1549                                                           |  64|   0|   64|          0|
    |s_0_59_fu_204                                                             |  64|   0|   64|          0|
    |s_1_1_24_reg_314                                                          |  64|   0|   64|          0|
    |s_1_2_29_reg_352                                                          |  64|   0|   64|          0|
    |s_1_43_fu_180                                                             |  64|   0|   64|          0|
    |s_1_44_reg_1534                                                           |  64|   0|   64|          0|
    |s_1_4_35_reg_437                                                          |  64|   0|   64|          0|
    |s_1_55_reg_1554                                                           |  64|   0|   64|          0|
    |s_1_56_fu_208                                                             |  64|   0|   64|          0|
    |s_2_1_23_reg_305                                                          |  64|   0|   64|          0|
    |s_2_2_28_reg_342                                                          |  64|   0|   64|          0|
    |s_2_43_fu_184                                                             |  64|   0|   64|          0|
    |s_2_44_reg_1539                                                           |  64|   0|   64|          0|
    |s_2_4_34_reg_426                                                          |  64|   0|   64|          0|
    |s_2_55_reg_1559                                                           |  64|   0|   64|          0|
    |s_2_56_fu_212                                                             |  64|   0|   64|          0|
    |s_3_1_22_reg_296                                                          |  64|   0|   64|          0|
    |s_3_2_27_reg_332                                                          |  64|   0|   64|          0|
    |s_3_45_fu_188                                                             |  64|   0|   64|          0|
    |s_3_4_33_reg_415                                                          |  64|   0|   64|          0|
    |s_3_57_reg_1564                                                           |  64|   0|   64|          0|
    |s_3_58_fu_216                                                             |  64|   0|   64|          0|
    |s_3_reg_1719                                                              |  64|   0|   64|          0|
    |s_4_1_21_reg_287                                                          |  64|   0|   64|          0|
    |s_4_2_26_reg_323                                                          |  64|   0|   64|          0|
    |s_4_46_fu_192                                                             |  64|   0|   64|          0|
    |s_4_4_32_reg_405                                                          |  64|   0|   64|          0|
    |s_4_58_reg_1569                                                           |  64|   0|   64|          0|
    |s_4_60_fu_220                                                             |  64|   0|   64|          0|
    |s_4_73_reg_1724                                                           |  64|   0|   64|          0|
    |sub_ln253_reg_1714                                                        |  61|   0|   64|          3|
    |trunc_ln210_1_reg_1519                                                    |   5|   0|    5|          0|
    |trunc_ln221_reg_1524                                                      |  32|   0|   32|          0|
    |trunc_ln238_2_reg_1663                                                    |   6|   0|    6|          0|
    |trunc_ln249_1_reg_1673                                                    |   2|   0|    5|          3|
    |trunc_ln249_2_reg_1678                                                    |  32|   0|   32|          0|
    |trunc_ln249_reg_1668                                                      |   6|   0|    6|          0|
    |trunc_ln28_reg_1705                                                       |  31|   0|   31|          0|
    |x_addr_0_lcssa_i_reg_459                                                  |  64|   0|   64|          0|
    |x_assign_1_reg_448                                                        |  64|   0|   64|          0|
    |xor_ln240_reg_1687                                                        |  64|   0|   64|          0|
    |xor_ln250_reg_1700                                                        |  64|   0|   64|          0|
    +--------------------------------------------------------------------------+----+----+-----+-----------+
    |Total                                                                     |4207|   0| 4219|         12|
    +--------------------------------------------------------------------------+----+----+-----+-----------+



================================================================
== Interface
================================================================
* Summary: 
+---------------+-----+-----+------------+-----------------------+--------------+
|   RTL Ports   | Dir | Bits|  Protocol  |     Source Object     |    C Type    |
+---------------+-----+-----+------------+-----------------------+--------------+
|ap_clk         |   in|    1|  ap_ctrl_hs|  crypto_aead_decrypt.1|  return value|
|ap_rst         |   in|    1|  ap_ctrl_hs|  crypto_aead_decrypt.1|  return value|
|ap_start       |   in|    1|  ap_ctrl_hs|  crypto_aead_decrypt.1|  return value|
|ap_done        |  out|    1|  ap_ctrl_hs|  crypto_aead_decrypt.1|  return value|
|ap_idle        |  out|    1|  ap_ctrl_hs|  crypto_aead_decrypt.1|  return value|
|ap_ready       |  out|    1|  ap_ctrl_hs|  crypto_aead_decrypt.1|  return value|
|ap_return      |  out|    1|  ap_ctrl_hs|  crypto_aead_decrypt.1|  return value|
|m_address0     |  out|    5|   ap_memory|                      m|         array|
|m_ce0          |  out|    1|   ap_memory|                      m|         array|
|m_we0          |  out|    1|   ap_memory|                      m|         array|
|m_d0           |  out|    8|   ap_memory|                      m|         array|
|mlen           |  out|   64|      ap_vld|                   mlen|       pointer|
|mlen_ap_vld    |  out|    1|      ap_vld|                   mlen|       pointer|
|c_address0     |  out|    6|   ap_memory|                      c|         array|
|c_ce0          |  out|    1|   ap_memory|                      c|         array|
|c_q0           |   in|    8|   ap_memory|                      c|         array|
|clen           |   in|   64|     ap_none|                   clen|        scalar|
|ad_address0    |  out|    5|   ap_memory|                     ad|         array|
|ad_ce0         |  out|    1|   ap_memory|                     ad|         array|
|ad_q0          |   in|    8|   ap_memory|                     ad|         array|
|adlen          |   in|   64|     ap_none|                  adlen|        scalar|
|npub_address0  |  out|    4|   ap_memory|                   npub|         array|
|npub_ce0       |  out|    1|   ap_memory|                   npub|         array|
|npub_q0        |   in|    8|   ap_memory|                   npub|         array|
|k_address0     |  out|    4|   ap_memory|                      k|         array|
|k_ce0          |  out|    1|   ap_memory|                      k|         array|
|k_q0           |   in|    8|   ap_memory|                      k|         array|
+---------------+-----+-----+------------+-----------------------+--------------+

