

================================================================
== Vitis HLS Report for 'crypto_aead_encrypt'
================================================================
* Date:           Sat Apr 30 15:02:04 2022

* Version:        2021.2 (Build 3367213 on Tue Oct 19 02:48:09 MDT 2021)
* Project:        PII-2022-Grazzani-Rogora-Zaffiretti
* Solution:       solution1 (Vivado IP Flow Target)
* Product family: kintex7
* Target device:  xc7k160t-fbv484-2


================================================================
== Performance Estimates
================================================================
+ Timing: 
    * Summary: 
    +--------+----------+-----------+------------+
    |  Clock |  Target  | Estimated | Uncertainty|
    +--------+----------+-----------+------------+
    |ap_clk  |  30.00 ns|  22.626 ns|     8.10 ns|
    +--------+----------+-----------+------------+

+ Latency: 
    * Summary: 
    +---------+---------+----------+----------+-----+-----+---------+
    |  Latency (cycles) |  Latency (absolute) |  Interval | Pipeline|
    |   min   |   max   |    min   |    max   | min | max |   Type  |
    +---------+---------+----------+----------+-----+-----+---------+
    |        ?|        ?|         ?|         ?|    ?|    ?|       no|
    +---------+---------+----------+----------+-----+-----+---------+

    + Detail: 
        * Instance: 
        +----------------------------------------------------------+-----------------------------------------------+---------+---------+----------+----------+-----+-----+---------+
        |                                                          |                                               |  Latency (cycles) |  Latency (absolute) |  Interval | Pipeline|
        |                         Instance                         |                     Module                    |   min   |   max   |    min   |    max   | min | max |   Type  |
        +----------------------------------------------------------+-----------------------------------------------+---------+---------+----------+----------+-----+-----+---------+
        |grp_LOADBYTES_1_fu_430                                    |LOADBYTES_1                                    |       10|       10|  0.300 us|  0.300 us|   10|   10|       no|
        |grp_LOADBYTES_1_fu_438                                    |LOADBYTES_1                                    |       10|       10|  0.300 us|  0.300 us|   10|   10|       no|
        |grp_ROUND_fu_448                                          |ROUND                                          |        0|        0|      0 ns|      0 ns|    0|    0|       no|
        |grp_ROUND_fu_462                                          |ROUND                                          |        0|        0|      0 ns|      0 ns|    0|    0|       no|
        |grp_ROUND_fu_473                                          |ROUND                                          |        0|        0|      0 ns|      0 ns|    0|    0|       no|
        |grp_ROUND_fu_487                                          |ROUND                                          |        0|        0|      0 ns|      0 ns|    0|    0|       no|
        |grp_ROUND_fu_502                                          |ROUND                                          |        0|        0|      0 ns|      0 ns|    0|    0|       no|
        |grp_LOADBYTES_2_fu_526                                    |LOADBYTES_2                                    |        ?|        ?|         ?|         ?|    ?|    ?|       no|
        |grp_crypto_aead_encrypt_Pipeline_VITIS_LOOP_25_1_fu_537   |crypto_aead_encrypt_Pipeline_VITIS_LOOP_25_1   |        ?|        ?|         ?|         ?|    ?|    ?|       no|
        |grp_crypto_aead_encrypt_Pipeline_VITIS_LOOP_25_11_fu_547  |crypto_aead_encrypt_Pipeline_VITIS_LOOP_25_11  |       10|       10|  0.300 us|  0.300 us|   10|   10|       no|
        |grp_crypto_aead_encrypt_Pipeline_VITIS_LOOP_25_12_fu_557  |crypto_aead_encrypt_Pipeline_VITIS_LOOP_25_12  |       10|       10|  0.300 us|  0.300 us|   10|   10|       no|
        +----------------------------------------------------------+-----------------------------------------------+---------+---------+----------+----------+-----+-----+---------+

        * Loop: 
        +--------------------+---------+---------+----------+-----------+-----------+------+----------+
        |                    |  Latency (cycles) | Iteration|  Initiation Interval  | Trip |          |
        |      Loop Name     |   min   |   max   |  Latency |  achieved |   target  | Count| Pipelined|
        +--------------------+---------+---------+----------+-----------+-----------+------+----------+
        |- VITIS_LOOP_40_3   |        ?|        ?|         ?|          -|          -|     ?|        no|
        |- VITIS_LOOP_58_7   |        ?|        ?|         ?|          -|          -|     ?|        no|
        | + VITIS_LOOP_25_1  |        8|        8|         1|          -|          -|     8|        no|
        +--------------------+---------+---------+----------+-----------+-----------+------+----------+



================================================================
== Utilization Estimates
================================================================
* Summary: 
+-----------------+---------+-----+--------+--------+-----+
|       Name      | BRAM_18K| DSP |   FF   |   LUT  | URAM|
+-----------------+---------+-----+--------+--------+-----+
|DSP              |        -|    -|       -|       -|    -|
|Expression       |        -|    -|       0|    2078|    -|
|FIFO             |        -|    -|       -|       -|    -|
|Instance         |        -|    -|     325|   12527|    -|
|Memory           |        -|    -|       -|       -|    -|
|Multiplexer      |        -|    -|       -|     981|    -|
|Register         |        -|    -|    4214|       -|    -|
+-----------------+---------+-----+--------+--------+-----+
|Total            |        0|    0|    4539|   15586|    0|
+-----------------+---------+-----+--------+--------+-----+
|Available        |      650|  600|  202800|  101400|    0|
+-----------------+---------+-----+--------+--------+-----+
|Utilization (%)  |        0|    0|       2|      15|    0|
+-----------------+---------+-----+--------+--------+-----+

+ Detail: 
    * Instance: 
    +----------------------------------------------------------+-----------------------------------------------+---------+----+-----+------+-----+
    |                         Instance                         |                     Module                    | BRAM_18K| DSP|  FF |  LUT | URAM|
    +----------------------------------------------------------+-----------------------------------------------+---------+----+-----+------+-----+
    |grp_LOADBYTES_1_fu_430                                    |LOADBYTES_1                                    |        0|   0|   74|   355|    0|
    |grp_LOADBYTES_1_fu_438                                    |LOADBYTES_1                                    |        0|   0|   74|   355|    0|
    |grp_LOADBYTES_2_fu_526                                    |LOADBYTES_2                                    |        0|   0|  131|   415|    0|
    |grp_ROUND_fu_448                                          |ROUND                                          |        0|   0|    0|  2112|    0|
    |grp_ROUND_fu_462                                          |ROUND                                          |        0|   0|    0|  2112|    0|
    |grp_ROUND_fu_473                                          |ROUND                                          |        0|   0|    0|  2112|    0|
    |grp_ROUND_fu_487                                          |ROUND                                          |        0|   0|    0|  2112|    0|
    |grp_ROUND_fu_502                                          |ROUND                                          |        0|   0|    0|  2112|    0|
    |grp_crypto_aead_encrypt_Pipeline_VITIS_LOOP_25_1_fu_537   |crypto_aead_encrypt_Pipeline_VITIS_LOOP_25_1   |        0|   0|   34|   319|    0|
    |grp_crypto_aead_encrypt_Pipeline_VITIS_LOOP_25_11_fu_547  |crypto_aead_encrypt_Pipeline_VITIS_LOOP_25_11  |        0|   0|    6|   259|    0|
    |grp_crypto_aead_encrypt_Pipeline_VITIS_LOOP_25_12_fu_557  |crypto_aead_encrypt_Pipeline_VITIS_LOOP_25_12  |        0|   0|    6|   264|    0|
    +----------------------------------------------------------+-----------------------------------------------+---------+----+-----+------+-----+
    |Total                                                     |                                               |        0|   0|  325| 12527|    0|
    +----------------------------------------------------------+-----------------------------------------------+---------+----+-----+------+-----+

    * DSP: 
    N/A

    * Memory: 
    N/A

    * FIFO: 
    N/A

    * Expression: 
    +---------------------------------+----------+----+---+-----+------------+------------+
    |          Variable Name          | Operation| DSP| FF| LUT | Bitwidth P0| Bitwidth P1|
    +---------------------------------+----------+----+---+-----+------------+------------+
    |add_ln25_1_fu_1170_p2            |         +|   0|  0|   13|           4|           1|
    |add_ln25_4_fu_1334_p2            |         +|   0|  0|   14|           6|           6|
    |add_ln25_fu_1212_p2              |         +|   0|  0|   14|           6|           6|
    |add_ln44_fu_896_p2               |         +|   0|  0|   71|          64|           4|
    |add_ln45_fu_902_p2               |         +|   0|  0|   71|          64|           5|
    |add_ln64_fu_1223_p2              |         +|   0|  0|   71|          64|           4|
    |add_ln65_fu_1229_p2              |         +|   0|  0|   71|          64|           5|
    |clen                             |         +|   0|  0|   71|          64|           5|
    |sub_ln25_fu_1188_p2              |         -|   0|  0|   14|           5|           6|
    |sub_ln49_fu_992_p2               |         -|   0|  0|   71|           6|          64|
    |sub_ln70_fu_1284_p2              |         -|   0|  0|   71|           6|          64|
    |icmp_ln25_fu_1164_p2             |      icmp|   0|  0|    9|           4|           5|
    |icmp_ln38_fu_797_p2              |      icmp|   0|  0|   29|          64|           1|
    |icmp_ln40_1_fu_882_p2            |      icmp|   0|  0|   27|          61|           1|
    |icmp_ln40_fu_813_p2              |      icmp|   0|  0|   27|          61|           1|
    |icmp_ln58_1_fu_1100_p2           |      icmp|   0|  0|   27|          61|           1|
    |icmp_ln58_fu_1032_p2             |      icmp|   0|  0|   27|          61|           1|
    |lshr_ln25_fu_1198_p2             |      lshr|   0|  0|  182|          64|          64|
    |ap_block_state2_on_subcall_done  |        or|   0|  0|    2|           1|           1|
    |shl_ln49_fu_998_p2               |       shl|   0|  0|  182|           8|          64|
    |shl_ln70_fu_1290_p2              |       shl|   0|  0|  182|           8|          64|
    |s_0_46_fu_953_p2                 |       xor|   0|  0|   64|          64|          64|
    |s_0_53_fu_1010_p2                |       xor|   0|  0|   64|          64|          64|
    |s_0_61_fu_1155_p2                |       xor|   0|  0|   64|          64|          64|
    |s_0_62_fu_1296_p2                |       xor|   0|  0|   64|          64|          64|
    |s_1_57_fu_1303_p2                |       xor|   0|  0|   64|          64|          64|
    |s_2_57_fu_1309_p2                |       xor|   0|  0|   64|          64|          64|
    |s_3_14_fu_787_p2                 |       xor|   0|  0|   64|          64|          64|
    |s_3_fu_1323_p2                   |       xor|   0|  0|   64|          64|          64|
    |s_4_13_fu_792_p2                 |       xor|   0|  0|   64|          64|          64|
    |s_4_59_fu_1017_p2                |       xor|   0|  0|   64|          64|           1|
    |s_4_73_fu_1329_p2                |       xor|   0|  0|   64|          64|          64|
    |xor_ln49_fu_1004_p2              |       xor|   0|  0|   64|          64|          64|
    |xor_ln68_fu_1269_p2              |       xor|   0|  0|   64|          64|          64|
    +---------------------------------+----------+----+---+-----+------------+------------+
    |Total                            |          |   0|  0| 2078|        1578|        1142|
    +---------------------------------+----------+----+---+-----+------------+------------+

    * Multiplexer: 
    +---------------------------------------------+-----+-----------+-----+-----------+
    |                     Name                    | LUT | Input Size| Bits| Total Bits|
    +---------------------------------------------+-----+-----------+-----+-----------+
    |ad_addr_0_lcssa_idx_reg_232                  |    9|          2|    2|          4|
    |ad_assign_fu_144                             |    9|          2|   64|        128|
    |ad_ce0                                       |    9|          2|    1|          2|
    |adlen_addr_0_lcssa_reg_244                   |    9|          2|   61|        122|
    |adlen_assign_fu_148                          |    9|          2|   64|        128|
    |ap_NS_fsm                                    |  107|         22|    1|         22|
    |ap_phi_mux_adlen_addr_0_lcssa_phi_fu_247_p4  |    9|          2|   61|        122|
    |ap_phi_mux_m_addr_0_lcssa_idx_phi_fu_362_p4  |    9|          2|    3|          6|
    |ap_phi_mux_mlen_addr_0_lcssa_phi_fu_351_p4   |    9|          2|   61|        122|
    |ap_phi_mux_s_0_2_22_phi_fu_341_p4            |    9|          2|   64|        128|
    |ap_phi_mux_s_1_2_21_phi_fu_331_p4            |    9|          2|   64|        128|
    |ap_phi_mux_s_2_2_20_phi_fu_321_p4            |    9|          2|   64|        128|
    |ap_phi_mux_s_3_2_19_phi_fu_311_p4            |    9|          2|   64|        128|
    |ap_phi_mux_s_4_2_18_phi_fu_302_p4            |    9|          2|   64|        128|
    |c_address0                                   |   21|          5|    6|         30|
    |c_ce0                                        |   21|          5|    1|          5|
    |c_d0                                         |   21|          5|    8|         40|
    |c_we0                                        |   21|          5|    1|          5|
    |grp_LOADBYTES_1_fu_430_bytes                 |   13|          3|    4|         12|
    |grp_LOADBYTES_1_fu_438_bytes                 |   13|          3|    4|         12|
    |grp_LOADBYTES_2_fu_526_ad_q0                 |   13|          3|    8|         24|
    |grp_LOADBYTES_2_fu_526_bytes                 |   21|          5|    5|         25|
    |grp_LOADBYTES_2_fu_526_n                     |   17|          4|   32|        128|
    |grp_ROUND_fu_448_C                           |   25|          6|    8|         48|
    |grp_ROUND_fu_448_s_0_read                    |   45|         11|   64|        704|
    |grp_ROUND_fu_448_s_1_read                    |   45|         11|   64|        704|
    |grp_ROUND_fu_448_s_2_read                    |   45|         11|   64|        704|
    |grp_ROUND_fu_448_s_3_read                    |   45|         11|   64|        704|
    |grp_ROUND_fu_448_s_4_read                    |   45|         11|   64|        704|
    |grp_ROUND_fu_462_C                           |   25|          6|    8|         48|
    |grp_ROUND_fu_473_C                           |   21|          5|    8|         40|
    |grp_ROUND_fu_487_C                           |   17|          4|    8|         32|
    |grp_ROUND_fu_502_C                           |   13|          3|    8|         24|
    |i_reg_370                                    |    9|          2|    4|          8|
    |k_ce0                                        |    9|          2|    1|          2|
    |m_addr_0_lcssa_idx_reg_358                   |    9|          2|    3|          6|
    |m_assign_fu_172                              |    9|          2|   64|        128|
    |m_ce0                                        |    9|          2|    1|          2|
    |mlen_addr_0_lcssa_reg_348                    |    9|          2|   61|        122|
    |mlen_assign_fu_176                           |    9|          2|   64|        128|
    |npub_ce0                                     |    9|          2|    1|          2|
    |s_0_1_17_reg_290                             |    9|          2|   64|        128|
    |s_0_2_22_reg_338                             |    9|          2|   64|        128|
    |s_0_4_28_reg_420                             |    9|          2|   64|        128|
    |s_0_60_fu_180                                |    9|          2|   64|        128|
    |s_1_1_16_reg_281                             |    9|          2|   64|        128|
    |s_1_2_21_reg_328                             |    9|          2|   64|        128|
    |s_1_4_27_reg_410                             |    9|          2|   64|        128|
    |s_1_56_fu_184                                |    9|          2|   64|        128|
    |s_2_1_15_reg_272                             |    9|          2|   64|        128|
    |s_2_2_20_reg_318                             |    9|          2|   64|        128|
    |s_2_4_26_reg_400                             |    9|          2|   64|        128|
    |s_2_56_fu_188                                |    9|          2|   64|        128|
    |s_3_1_14_reg_263                             |    9|          2|   64|        128|
    |s_3_2_19_reg_308                             |    9|          2|   64|        128|
    |s_3_45_fu_164                                |    9|          2|   64|        128|
    |s_3_4_25_reg_390                             |    9|          2|   64|        128|
    |s_3_58_fu_192                                |    9|          2|   64|        128|
    |s_4_1_13_reg_254                             |    9|          2|   64|        128|
    |s_4_2_18_reg_299                             |    9|          2|   64|        128|
    |s_4_46_fu_168                                |    9|          2|   64|        128|
    |s_4_4_24_reg_381                             |    9|          2|   64|        128|
    |s_4_60_fu_196                                |    9|          2|   64|        128|
    +---------------------------------------------+-----+-----------+-----+-----------+
    |Total                                        |  981|        225| 2674|       8503|
    +---------------------------------------------+-----+-----------+-----+-----------+

    * Register: 
    +-----------------------------------------------------------------------+----+----+-----+-----------+
    |                                  Name                                 | FF | LUT| Bits| Const Bits|
    +-----------------------------------------------------------------------+----+----+-----+-----------+
    |K0_reg_1339                                                            |  64|   0|   64|          0|
    |K1_reg_1352                                                            |  64|   0|   64|          0|
    |N0_reg_1347                                                            |  64|   0|   64|          0|
    |ad_addr_0_lcssa_idx_reg_232                                            |   2|   0|    5|          3|
    |ad_assign_fu_144                                                       |  64|   0|   64|          0|
    |add_ln25_4_reg_1690                                                    |   6|   0|    6|          0|
    |adlen_addr_0_lcssa_reg_244                                             |  61|   0|   61|          0|
    |adlen_assign_fu_148                                                    |  64|   0|   64|          0|
    |ap_CS_fsm                                                              |  21|   0|   21|          0|
    |empty_12_reg_1403                                                      |  61|   0|   61|          0|
    |grp_LOADBYTES_1_fu_430_ap_start_reg                                    |   1|   0|    1|          0|
    |grp_LOADBYTES_1_fu_438_ap_start_reg                                    |   1|   0|    1|          0|
    |grp_LOADBYTES_2_fu_526_ap_start_reg                                    |   1|   0|    1|          0|
    |grp_crypto_aead_encrypt_Pipeline_VITIS_LOOP_25_11_fu_547_ap_start_reg  |   1|   0|    1|          0|
    |grp_crypto_aead_encrypt_Pipeline_VITIS_LOOP_25_12_fu_557_ap_start_reg  |   1|   0|    1|          0|
    |grp_crypto_aead_encrypt_Pipeline_VITIS_LOOP_25_1_fu_537_ap_start_reg   |   1|   0|    1|          0|
    |i_reg_370                                                              |   4|   0|    4|          0|
    |icmp_ln38_reg_1420                                                     |   1|   0|    1|          0|
    |icmp_ln40_reg_1424                                                     |   1|   0|    1|          0|
    |icmp_ln58_reg_1545                                                     |   1|   0|    1|          0|
    |m_addr_0_lcssa_idx_reg_358                                             |   3|   0|    6|          3|
    |m_assign_fu_172                                                        |  64|   0|   64|          0|
    |mlen_addr_0_lcssa_reg_348                                              |  61|   0|   61|          0|
    |mlen_assign_fu_176                                                     |  64|   0|   64|          0|
    |reg_693                                                                |  64|   0|   64|          0|
    |reg_698                                                                |  64|   0|   64|          0|
    |reg_703                                                                |  64|   0|   64|          0|
    |reg_708                                                                |  64|   0|   64|          0|
    |reg_713                                                                |  64|   0|   64|          0|
    |reg_718                                                                |  64|   0|   64|          0|
    |reg_725                                                                |  64|   0|   64|          0|
    |reg_732                                                                |  64|   0|   64|          0|
    |reg_739                                                                |  64|   0|   64|          0|
    |reg_744                                                                |  64|   0|   64|          0|
    |reg_749                                                                |  64|   0|   64|          0|
    |reg_754                                                                |  64|   0|   64|          0|
    |reg_759                                                                |  64|   0|   64|          0|
    |s_0_1_17_reg_290                                                       |  64|   0|   64|          0|
    |s_0_2_22_reg_338                                                       |  64|   0|   64|          0|
    |s_0_45_fu_152                                                          |  64|   0|   64|          0|
    |s_0_4_28_reg_420                                                       |  64|   0|   64|          0|
    |s_0_55_reg_1515                                                        |  64|   0|   64|          0|
    |s_0_60_fu_180                                                          |  64|   0|   64|          0|
    |s_0_61_reg_1651                                                        |  64|   0|   64|          0|
    |s_0_6_reg_1359                                                         |  64|   0|   64|          0|
    |s_1_1_16_reg_281                                                       |  64|   0|   64|          0|
    |s_1_2_21_reg_328                                                       |  64|   0|   64|          0|
    |s_1_43_fu_156                                                          |  64|   0|   64|          0|
    |s_1_4_27_reg_410                                                       |  64|   0|   64|          0|
    |s_1_51_reg_1520                                                        |  64|   0|   64|          0|
    |s_1_56_fu_184                                                          |  64|   0|   64|          0|
    |s_1_7_reg_1364                                                         |  64|   0|   64|          0|
    |s_2_1_15_reg_272                                                       |  64|   0|   64|          0|
    |s_2_2_20_reg_318                                                       |  64|   0|   64|          0|
    |s_2_43_fu_160                                                          |  64|   0|   64|          0|
    |s_2_4_26_reg_400                                                       |  64|   0|   64|          0|
    |s_2_51_reg_1525                                                        |  64|   0|   64|          0|
    |s_2_56_fu_188                                                          |  64|   0|   64|          0|
    |s_2_7_reg_1369                                                         |  64|   0|   64|          0|
    |s_3_1_14_reg_263                                                       |  64|   0|   64|          0|
    |s_3_2_19_reg_308                                                       |  64|   0|   64|          0|
    |s_3_45_fu_164                                                          |  64|   0|   64|          0|
    |s_3_4_25_reg_390                                                       |  64|   0|   64|          0|
    |s_3_53_reg_1530                                                        |  64|   0|   64|          0|
    |s_3_58_fu_192                                                          |  64|   0|   64|          0|
    |s_3_66_reg_1670                                                        |  64|   0|   64|          0|
    |s_3_7_reg_1374                                                         |  64|   0|   64|          0|
    |s_3_reg_1680                                                           |  64|   0|   64|          0|
    |s_4_1_13_reg_254                                                       |  64|   0|   64|          0|
    |s_4_2_18_reg_299                                                       |  64|   0|   64|          0|
    |s_4_46_fu_168                                                          |  64|   0|   64|          0|
    |s_4_4_24_reg_381                                                       |  64|   0|   64|          0|
    |s_4_54_reg_1535                                                        |  64|   0|   64|          0|
    |s_4_60_fu_196                                                          |  64|   0|   64|          0|
    |s_4_68_reg_1675                                                        |  64|   0|   64|          0|
    |s_4_73_reg_1685                                                        |  64|   0|   64|          0|
    |s_4_7_reg_1379                                                         |  64|   0|   64|          0|
    |trunc_ln40_1_reg_1505                                                  |   5|   0|    5|          0|
    |trunc_ln48_reg_1510                                                    |  32|   0|   32|          0|
    |trunc_ln58_1_reg_1629                                                  |   5|   0|    5|          0|
    |trunc_ln68_1_reg_1640                                                  |   2|   0|    5|          3|
    |trunc_ln68_2_reg_1645                                                  |  32|   0|   32|          0|
    |trunc_ln68_reg_1634                                                    |   6|   0|    6|          0|
    |xor_ln68_reg_1665                                                      |  64|   0|   64|          0|
    +-----------------------------------------------------------------------+----+----+-----+-----------+
    |Total                                                                  |4214|   0| 4223|          9|
    +-----------------------------------------------------------------------+----+----+-----+-----------+



================================================================
== Interface
================================================================
* Summary: 
+-------------------+-----+-----+------------+---------------------+--------------+
|     RTL Ports     | Dir | Bits|  Protocol  |    Source Object    |    C Type    |
+-------------------+-----+-----+------------+---------------------+--------------+
|ap_local_block     |  out|    1|  ap_ctrl_hs|  crypto_aead_encrypt|  return value|
|ap_local_deadlock  |  out|    1|  ap_ctrl_hs|  crypto_aead_encrypt|  return value|
|ap_clk             |   in|    1|  ap_ctrl_hs|  crypto_aead_encrypt|  return value|
|ap_rst             |   in|    1|  ap_ctrl_hs|  crypto_aead_encrypt|  return value|
|ap_start           |   in|    1|  ap_ctrl_hs|  crypto_aead_encrypt|  return value|
|ap_done            |  out|    1|  ap_ctrl_hs|  crypto_aead_encrypt|  return value|
|ap_idle            |  out|    1|  ap_ctrl_hs|  crypto_aead_encrypt|  return value|
|ap_ready           |  out|    1|  ap_ctrl_hs|  crypto_aead_encrypt|  return value|
|ap_return          |  out|   32|  ap_ctrl_hs|  crypto_aead_encrypt|  return value|
|c_address0         |  out|    6|   ap_memory|                    c|         array|
|c_ce0              |  out|    1|   ap_memory|                    c|         array|
|c_we0              |  out|    1|   ap_memory|                    c|         array|
|c_d0               |  out|    8|   ap_memory|                    c|         array|
|clen               |  out|   64|      ap_vld|                 clen|       pointer|
|clen_ap_vld        |  out|    1|      ap_vld|                 clen|       pointer|
|m_address0         |  out|    5|   ap_memory|                    m|         array|
|m_ce0              |  out|    1|   ap_memory|                    m|         array|
|m_q0               |   in|    8|   ap_memory|                    m|         array|
|mlen               |   in|   64|     ap_none|                 mlen|        scalar|
|ad_address0        |  out|    5|   ap_memory|                   ad|         array|
|ad_ce0             |  out|    1|   ap_memory|                   ad|         array|
|ad_q0              |   in|    8|   ap_memory|                   ad|         array|
|adlen              |   in|   64|     ap_none|                adlen|        scalar|
|npub_address0      |  out|    4|   ap_memory|                 npub|         array|
|npub_ce0           |  out|    1|   ap_memory|                 npub|         array|
|npub_q0            |   in|    8|   ap_memory|                 npub|         array|
|k_address0         |  out|    4|   ap_memory|                    k|         array|
|k_ce0              |  out|    1|   ap_memory|                    k|         array|
|k_q0               |   in|    8|   ap_memory|                    k|         array|
+-------------------+-----+-----+------------+---------------------+--------------+

