

================================================================
== Vitis HLS Report for 'LOADBYTES_3'
================================================================
* Date:           Tue Apr  5 21:50:55 2022

* Version:        2021.2 (Build 3367213 on Tue Oct 19 02:48:09 MDT 2021)
* Project:        PII-2022-Grazzani-Rogora-Zaffiretti
* Solution:       solution1 (Vivado IP Flow Target)
* Product family: kintex7
* Target device:  xc7k160t-fbv484-2


================================================================
== Performance Estimates
================================================================
+ Timing: 
    * Summary: 
    +--------+----------+----------+------------+
    |  Clock |  Target  | Estimated| Uncertainty|
    +--------+----------+----------+------------+
    |ap_clk  |  10.00 ns|  4.348 ns|     2.70 ns|
    +--------+----------+----------+------------+

+ Latency: 
    * Summary: 
    +---------+---------+----------+----------+-----+-----+---------+
    |  Latency (cycles) |  Latency (absolute) |  Interval | Pipeline|
    |   min   |   max   |    min   |    max   | min | max |   Type  |
    +---------+---------+----------+----------+-----+-----+---------+
    |        ?|        ?|         ?|         ?|    ?|    ?|       no|
    +---------+---------+----------+----------+-----+-----+---------+

    + Detail: 
        * Instance: 
        N/A

        * Loop: 
        +-------------------+---------+---------+----------+-----------+-----------+------+----------+
        |                   |  Latency (cycles) | Iteration|  Initiation Interval  | Trip |          |
        |     Loop Name     |   min   |   max   |  Latency |  achieved |   target  | Count| Pipelined|
        +-------------------+---------+---------+----------+-----------+-----------+------+----------+
        |- VITIS_LOOP_22_1  |        ?|        ?|         2|          1|          1|     ?|       yes|
        +-------------------+---------+---------+----------+-----------+-----------+------+----------+



================================================================
== Utilization Estimates
================================================================
* Summary: 
+-----------------+---------+-----+--------+--------+-----+
|       Name      | BRAM_18K| DSP |   FF   |   LUT  | URAM|
+-----------------+---------+-----+--------+--------+-----+
|DSP              |        -|    -|       -|       -|    -|
|Expression       |        -|    -|       0|     358|    -|
|FIFO             |        -|    -|       -|       -|    -|
|Instance         |        -|    -|       -|       -|    -|
|Memory           |        -|    -|       -|       -|    -|
|Multiplexer      |        -|    -|       -|      58|    -|
|Register         |        -|    -|     131|       -|    -|
+-----------------+---------+-----+--------+--------+-----+
|Total            |        0|    0|     131|     416|    0|
+-----------------+---------+-----+--------+--------+-----+
|Available        |      650|  600|  202800|  101400|    0|
+-----------------+---------+-----+--------+--------+-----+
|Utilization (%)  |        0|    0|      ~0|      ~0|    0|
+-----------------+---------+-----+--------+--------+-----+

+ Detail: 
    * Instance: 
    N/A

    * DSP: 
    N/A

    * Memory: 
    N/A

    * FIFO: 
    N/A

    * Expression: 
    +---------------------+----------+----+---+-----+------------+------------+
    |    Variable Name    | Operation| DSP| FF| LUT | Bitwidth P0| Bitwidth P1|
    +---------------------+----------+----+---+-----+------------+------------+
    |add_ln22_1_fu_88_p2  |         +|   0|  0|   39|          32|           1|
    |add_ln22_fu_98_p2    |         +|   0|  0|   14|           6|           6|
    |sub_ln22_fu_126_p2   |         -|   0|  0|   39|           6|          32|
    |icmp_ln22_fu_82_p2   |      icmp|   0|  0|   18|          32|          32|
    |x_1_fu_142_p2        |        or|   0|  0|   64|          64|          64|
    |shl_ln22_fu_136_p2   |       shl|   0|  0|  182|          64|          64|
    |ap_enable_pp0        |       xor|   0|  0|    2|           1|           2|
    +---------------------+----------+----+---+-----+------------+------------+
    |Total                |          |   0|  0|  358|         205|         201|
    +---------------------+----------+----+---+-----+------------+------------+

    * Multiplexer: 
    +---------------------------+----+-----------+-----+-----------+
    |            Name           | LUT| Input Size| Bits| Total Bits|
    +---------------------------+----+-----------+-----+-----------+
    |ap_done_int                |   9|          2|    1|          2|
    |ap_enable_reg_pp0_iter1    |   9|          2|    1|          2|
    |ap_sig_allocacmp_i_5       |   9|          2|   32|         64|
    |ap_sig_allocacmp_x_load_1  |  13|          3|   64|        192|
    |i_fu_40                    |   9|          2|   32|         64|
    |x_fu_36                    |   9|          2|   64|        128|
    +---------------------------+----+-----------+-----+-----------+
    |Total                      |  58|         13|  194|        452|
    +---------------------------+----+-----------+-----+-----------+

    * Register: 
    +-------------------------+----+----+-----+-----------+
    |           Name          | FF | LUT| Bits| Const Bits|
    +-------------------------+----+----+-----+-----------+
    |ap_CS_fsm                |   1|   0|    1|          0|
    |ap_done_reg              |   1|   0|    1|          0|
    |ap_enable_reg_pp0_iter1  |   1|   0|    1|          0|
    |i_5_reg_171              |  32|   0|   32|          0|
    |i_fu_40                  |  32|   0|   32|          0|
    |x_fu_36                  |  64|   0|   64|          0|
    +-------------------------+----+----+-----+-----------+
    |Total                    | 131|   0|  131|          0|
    +-------------------------+----+----+-----+-----------+



================================================================
== Interface
================================================================
* Summary: 
+------------+-----+-----+------------+--------------+--------------+
|  RTL Ports | Dir | Bits|  Protocol  | Source Object|    C Type    |
+------------+-----+-----+------------+--------------+--------------+
|ap_clk      |   in|    1|  ap_ctrl_hs|   LOADBYTES.3|  return value|
|ap_rst      |   in|    1|  ap_ctrl_hs|   LOADBYTES.3|  return value|
|ap_start    |   in|    1|  ap_ctrl_hs|   LOADBYTES.3|  return value|
|ap_done     |  out|    1|  ap_ctrl_hs|   LOADBYTES.3|  return value|
|ap_idle     |  out|    1|  ap_ctrl_hs|   LOADBYTES.3|  return value|
|ap_ready    |  out|    1|  ap_ctrl_hs|   LOADBYTES.3|  return value|
|ap_return   |  out|   64|  ap_ctrl_hs|   LOADBYTES.3|  return value|
|c_address0  |  out|    6|   ap_memory|             c|         array|
|c_ce0       |  out|    1|   ap_memory|             c|         array|
|c_q0        |   in|    8|   ap_memory|             c|         array|
|bytes       |   in|    6|     ap_none|         bytes|        scalar|
|n           |   in|   32|     ap_none|             n|        scalar|
+------------+-----+-----+------------+--------------+--------------+

