

================================================================
== Vitis HLS Report for 'ROUND'
================================================================
* Date:           Sat Apr 30 15:02:03 2022

* Version:        2021.2 (Build 3367213 on Tue Oct 19 02:48:09 MDT 2021)
* Project:        PII-2022-Grazzani-Rogora-Zaffiretti
* Solution:       solution1 (Vivado IP Flow Target)
* Product family: kintex7
* Target device:  xc7k160t-fbv484-2


================================================================
== Performance Estimates
================================================================
+ Timing: 
    * Summary: 
    +--------+----------+----------+------------+
    |  Clock |  Target  | Estimated| Uncertainty|
    +--------+----------+----------+------------+
    |ap_clk  |  30.00 ns|  2.710 ns|     8.10 ns|
    +--------+----------+----------+------------+

+ Latency: 
    * Summary: 
    +---------+---------+----------+----------+-----+-----+---------+
    |  Latency (cycles) |  Latency (absolute) |  Interval | Pipeline|
    |   min   |   max   |    min   |    max   | min | max |   Type  |
    +---------+---------+----------+----------+-----+-----+---------+
    |        0|        0|      0 ns|      0 ns|    0|    0|       no|
    +---------+---------+----------+----------+-----+-----+---------+

    + Detail: 
        * Instance: 
        N/A

        * Loop: 
        N/A



================================================================
== Utilization Estimates
================================================================
* Summary: 
+-----------------+---------+-----+--------+--------+-----+
|       Name      | BRAM_18K| DSP |   FF   |   LUT  | URAM|
+-----------------+---------+-----+--------+--------+-----+
|DSP              |        -|    -|       -|       -|    -|
|Expression       |        -|    -|       0|    2112|    -|
|FIFO             |        -|    -|       -|       -|    -|
|Instance         |        -|    -|       -|       -|    -|
|Memory           |        -|    -|       -|       -|    -|
|Multiplexer      |        -|    -|       -|       -|    -|
|Register         |        -|    -|       -|       -|    -|
+-----------------+---------+-----+--------+--------+-----+
|Total            |        0|    0|       0|    2112|    0|
+-----------------+---------+-----+--------+--------+-----+
|Available        |      650|  600|  202800|  101400|    0|
+-----------------+---------+-----+--------+--------+-----+
|Utilization (%)  |        0|    0|       0|       2|    0|
+-----------------+---------+-----+--------+--------+-----+

+ Detail: 
    * Instance: 
    N/A

    * DSP: 
    N/A

    * Memory: 
    N/A

    * FIFO: 
    N/A

    * Expression: 
    +----------------------+----------+----+---+----+------------+------------+
    |     Variable Name    | Operation| DSP| FF| LUT| Bitwidth P0| Bitwidth P1|
    +----------------------+----------+----+---+----+------------+------------+
    |and_ln21_fu_152_p2    |       and|   0|  0|  64|          64|          64|
    |and_ln22_fu_170_p2    |       and|   0|  0|  64|          64|          64|
    |and_ln23_fu_182_p2    |       and|   0|  0|  64|          64|          64|
    |and_ln24_fu_200_p2    |       and|   0|  0|  64|          64|          64|
    |and_ln25_fu_212_p2    |       and|   0|  0|  64|          64|          64|
    |t_1_fu_188_p2         |       xor|   0|  0|  64|          64|          64|
    |t_2_fu_218_p2         |       xor|   0|  0|  64|          64|          64|
    |t_3_fu_230_p2         |       xor|   0|  0|  64|          64|          64|
    |t_4_fu_236_p2         |       xor|   0|  0|  64|          64|          64|
    |t_5_fu_248_p2         |       xor|   0|  0|  64|          64|          64|
    |t_6_fu_254_p2         |       xor|   0|  0|  64|          64|           2|
    |t_fu_158_p2           |       xor|   0|  0|  64|          64|          64|
    |xor_ln14_fu_122_p2    |       xor|   0|  0|  64|          64|          64|
    |xor_ln17_fu_128_p2    |       xor|   0|  0|  64|          64|          64|
    |xor_ln18_fu_134_p2    |       xor|   0|  0|  64|          64|          64|
    |xor_ln19_fu_140_p2    |       xor|   0|  0|  64|          64|          64|
    |xor_ln21_fu_146_p2    |       xor|   0|  0|  64|          64|           2|
    |xor_ln22_fu_164_p2    |       xor|   0|  0|  64|          64|           2|
    |xor_ln23_fu_176_p2    |       xor|   0|  0|  64|          64|           2|
    |xor_ln24_fu_194_p2    |       xor|   0|  0|  64|          64|           2|
    |xor_ln25_fu_206_p2    |       xor|   0|  0|  64|          64|           2|
    |xor_ln27_fu_224_p2    |       xor|   0|  0|  64|          64|          64|
    |xor_ln29_fu_242_p2    |       xor|   0|  0|  64|          64|          64|
    |xor_ln33_1_fu_310_p2  |       xor|   0|  0|  64|          64|          64|
    |xor_ln33_fu_304_p2    |       xor|   0|  0|  64|          64|          64|
    |xor_ln34_1_fu_366_p2  |       xor|   0|  0|  64|          64|          64|
    |xor_ln34_fu_360_p2    |       xor|   0|  0|  64|          64|          64|
    |xor_ln35_1_fu_422_p2  |       xor|   0|  0|  64|          64|          64|
    |xor_ln35_fu_416_p2    |       xor|   0|  0|  64|          64|          64|
    |xor_ln36_1_fu_478_p2  |       xor|   0|  0|  64|          64|          64|
    |xor_ln36_fu_472_p2    |       xor|   0|  0|  64|          64|          64|
    |xor_ln37_1_fu_534_p2  |       xor|   0|  0|  64|          64|          64|
    |xor_ln37_fu_528_p2    |       xor|   0|  0|  64|          64|          64|
    +----------------------+----------+----+---+----+------------+------------+
    |Total                 |          |   0|  0|2112|        2112|        1740|
    +----------------------+----------+----+---+----+------------+------------+

    * Multiplexer: 
    N/A

    * Register: 
    N/A



================================================================
== Interface
================================================================
* Summary: 
+-------------+-----+-----+------------+--------------+--------------+
|  RTL Ports  | Dir | Bits|  Protocol  | Source Object|    C Type    |
+-------------+-----+-----+------------+--------------+--------------+
|ap_ready     |  out|    1|  ap_ctrl_hs|         ROUND|  return value|
|ap_return_0  |  out|   64|  ap_ctrl_hs|         ROUND|  return value|
|ap_return_1  |  out|   64|  ap_ctrl_hs|         ROUND|  return value|
|ap_return_2  |  out|   64|  ap_ctrl_hs|         ROUND|  return value|
|ap_return_3  |  out|   64|  ap_ctrl_hs|         ROUND|  return value|
|ap_return_4  |  out|   64|  ap_ctrl_hs|         ROUND|  return value|
|s_0_read     |   in|   64|     ap_none|      s_0_read|        scalar|
|s_1_read     |   in|   64|     ap_none|      s_1_read|        scalar|
|s_2_read     |   in|   64|     ap_none|      s_2_read|        scalar|
|s_3_read     |   in|   64|     ap_none|      s_3_read|        scalar|
|s_4_read     |   in|   64|     ap_none|      s_4_read|        scalar|
|C            |   in|    8|     ap_none|             C|        scalar|
+-------------+-----+-----+------------+--------------+--------------+

